
> react-kavia@0.1.0 start
> react-scripts start

Attempting to bind to HOST environment variable: 0.0.0.0
If this was unintentional, check that you haven't mistakenly set it in your shell.
Learn more here: https://cra.link/advanced-config

(node:2811) [DEP_WEBPACK_DEV_SERVER_ON_AFTER_SETUP_MIDDLEWARE] DeprecationWarning: 'onAfterSetupMiddleware' option is deprecated. Please use the 'setupMiddlewares' option.
(Use `node --trace-deprecation ...` to show where the warning was created)
(node:2811) [DEP_WEBPACK_DEV_SERVER_ON_BEFORE_SETUP_MIDDLEWARE] DeprecationWarning: 'onBeforeSetupMiddleware' option is deprecated. Please use the 'setupMiddlewares' option.
Starting the development server...

Compiled with warnings.

Failed to parse source map from '/home/kavia/workspace/code-generation/toothlesstalks-90576-e7a8d8d5/frontend_web_app/node_modules/@mediapipe/tasks-vision/vision_bundle_mjs.js.map' file: Error: ENOENT: no such file or directory, open '/home/kavia/workspace/code-generation/toothlesstalks-90576-e7a8d8d5/frontend_web_app/node_modules/@mediapipe/tasks-vision/vision_bundle_mjs.js.map'

[eslint] 
src/App.js
  Line 11:7:  'GEMINI_API_KEY' is assigned a value but never used      no-unused-vars
  Line 12:7:  'ELEVENLABS_API_KEY' is assigned a value but never used  no-unused-vars

Search for the keywords to learn more about each warning.
To ignore, add // eslint-disable-next-line to the line before.

WARNING in ./node_modules/@mediapipe/tasks-vision/vision_bundle.mjs
Module Warning (from ./node_modules/source-map-loader/dist/cjs.js):
Failed to parse source map from '/home/kavia/workspace/code-generation/toothlesstalks-90576-e7a8d8d5/frontend_web_app/node_modules/@mediapipe/tasks-vision/vision_bundle_mjs.js.map' file: Error: ENOENT: no such file or directory, open '/home/kavia/workspace/code-generation/toothlesstalks-90576-e7a8d8d5/frontend_web_app/node_modules/@mediapipe/tasks-vision/vision_bundle_mjs.js.map'

WARNING in [eslint] 
src/App.js
  Line 11:7:  'GEMINI_API_KEY' is assigned a value but never used      no-unused-vars
  Line 12:7:  'ELEVENLABS_API_KEY' is assigned a value but never used  no-unused-vars

webpack compiled with 2 warnings
Compiling...
Failed to compile.

[eslint] 
src/App.js
  Line 43:12:   React Hook "useLoader" is called conditionally. React Hooks must be called in the exact same order in every component render  react-hooks/rules-of-hooks
  Line 319:16:  'Stage' is not defined                                                                                                        react/jsx-no-undef

Search for the keywords to learn more about each error.
WARNING in ./node_modules/@mediapipe/tasks-vision/vision_bundle.mjs
Module Warning (from ./node_modules/source-map-loader/dist/cjs.js):
Failed to parse source map from '/home/kavia/workspace/code-generation/toothlesstalks-90576-e7a8d8d5/frontend_web_app/node_modules/@mediapipe/tasks-vision/vision_bundle_mjs.js.map' file: Error: ENOENT: no such file or directory, open '/home/kavia/workspace/code-generation/toothlesstalks-90576-e7a8d8d5/frontend_web_app/node_modules/@mediapipe/tasks-vision/vision_bundle_mjs.js.map'

WARNING in [eslint] 
src/App.js
  Line 4:10:  'PerspectiveCamera' is defined but never used  no-unused-vars

ERROR in [eslint] 
src/App.js
  Line 43:12:   React Hook "useLoader" is called conditionally. React Hooks must be called in the exact same order in every component render  react-hooks/rules-of-hooks
  Line 319:16:  'Stage' is not defined                                                                                                        react/jsx-no-undef

Search for the keywords to learn more about each error.

webpack compiled with 1 error and 2 warnings
Compiling...
Failed to compile.

[eslint] 
src/App.js
  Line 43:12:  React Hook "useLoader" is called conditionally. React Hooks must be called in the exact same order in every component render  react-hooks/rules-of-hooks

Search for the keywords to learn more about each error.
WARNING in ./node_modules/@mediapipe/tasks-vision/vision_bundle.mjs
Module Warning (from ./node_modules/source-map-loader/dist/cjs.js):
Failed to parse source map from '/home/kavia/workspace/code-generation/toothlesstalks-90576-e7a8d8d5/frontend_web_app/node_modules/@mediapipe/tasks-vision/vision_bundle_mjs.js.map' file: Error: ENOENT: no such file or directory, open '/home/kavia/workspace/code-generation/toothlesstalks-90576-e7a8d8d5/frontend_web_app/node_modules/@mediapipe/tasks-vision/vision_bundle_mjs.js.map'

ERROR in [eslint] 
src/App.js
  Line 43:12:  React Hook "useLoader" is called conditionally. React Hooks must be called in the exact same order in every component render  react-hooks/rules-of-hooks

Search for the keywords to learn more about each error.

webpack compiled with 1 error and 1 warning
Compiling...
Failed to compile.

[eslint] 
src/App.js
  Line 43:12:  React Hook "useLoader" is called conditionally. React Hooks must be called in the exact same order in every component render  react-hooks/rules-of-hooks

Search for the keywords to learn more about each error.
WARNING in ./node_modules/@mediapipe/tasks-vision/vision_bundle.mjs
Module Warning (from ./node_modules/source-map-loader/dist/cjs.js):
Failed to parse source map from '/home/kavia/workspace/code-generation/toothlesstalks-90576-e7a8d8d5/frontend_web_app/node_modules/@mediapipe/tasks-vision/vision_bundle_mjs.js.map' file: Error: ENOENT: no such file or directory, open '/home/kavia/workspace/code-generation/toothlesstalks-90576-e7a8d8d5/frontend_web_app/node_modules/@mediapipe/tasks-vision/vision_bundle_mjs.js.map'

ERROR in [eslint] 
src/App.js
  Line 43:12:  React Hook "useLoader" is called conditionally. React Hooks must be called in the exact same order in every component render  react-hooks/rules-of-hooks

Search for the keywords to learn more about each error.

webpack compiled with 1 error and 1 warning
Compiling...
Failed to compile.

[eslint] 
src/App.js
  Line 43:12:  React Hook "useLoader" is called conditionally. React Hooks must be called in the exact same order in every component render  react-hooks/rules-of-hooks

Search for the keywords to learn more about each error.
WARNING in ./node_modules/@mediapipe/tasks-vision/vision_bundle.mjs
Module Warning (from ./node_modules/source-map-loader/dist/cjs.js):
Failed to parse source map from '/home/kavia/workspace/code-generation/toothlesstalks-90576-e7a8d8d5/frontend_web_app/node_modules/@mediapipe/tasks-vision/vision_bundle_mjs.js.map' file: Error: ENOENT: no such file or directory, open '/home/kavia/workspace/code-generation/toothlesstalks-90576-e7a8d8d5/frontend_web_app/node_modules/@mediapipe/tasks-vision/vision_bundle_mjs.js.map'

ERROR in [eslint] 
src/App.js
  Line 43:12:  React Hook "useLoader" is called conditionally. React Hooks must be called in the exact same order in every component render  react-hooks/rules-of-hooks

Search for the keywords to learn more about each error.

webpack compiled with 1 error and 1 warning
Compiling...
Compiled with warnings.

Failed to parse source map from '/home/kavia/workspace/code-generation/toothlesstalks-90576-e7a8d8d5/frontend_web_app/node_modules/@mediapipe/tasks-vision/vision_bundle_mjs.js.map' file: Error: ENOENT: no such file or directory, open '/home/kavia/workspace/code-generation/toothlesstalks-90576-e7a8d8d5/frontend_web_app/node_modules/@mediapipe/tasks-vision/vision_bundle_mjs.js.map'

Search for the keywords to learn more about each warning.
To ignore, add // eslint-disable-next-line to the line before.

WARNING in ./node_modules/@mediapipe/tasks-vision/vision_bundle.mjs
Module Warning (from ./node_modules/source-map-loader/dist/cjs.js):
Failed to parse source map from '/home/kavia/workspace/code-generation/toothlesstalks-90576-e7a8d8d5/frontend_web_app/node_modules/@mediapipe/tasks-vision/vision_bundle_mjs.js.map' file: Error: ENOENT: no such file or directory, open '/home/kavia/workspace/code-generation/toothlesstalks-90576-e7a8d8d5/frontend_web_app/node_modules/@mediapipe/tasks-vision/vision_bundle_mjs.js.map'

webpack compiled with 1 warning
